{
  "version": "1.0.0",
  "plugins_used": [
    {
      "name": "Base64HighEntropyString",
      "limit": 4.5
    },
    {
      "name": "HexHighEntropyString",
      "limit": 3.0
    },
    {
      "name": "KeywordDetector",
      "keyword_exclude": null
    }
  ],
  "exclude_files": "",
  "exclude_lines": "",
  "results": {}
}
